[    0.000000] Linux version 4.15.0-212-generic (buildd@lcy02-amd64-083) (gcc version 7.5.0 (Ubuntu 7.5.0-3ubuntu1~18.04)) #223-Ubuntu SMP Tue May 23 13:09:22 UTC 2023 (Ubuntu 4.15.0-212.223-generic 4.15.18)
[    0.000000] Command line: BOOT_IMAGE=/boot/vmlinuz-4.15.0-212-generic root=LABEL=cloudimg-rootfs ro console=tty1 console=ttyS0
[    0.000000] KERNEL supported cpus:
[    0.000000]   Intel GenuineIntel
[    0.000000]   AMD AuthenticAMD
[    0.000000]   Centaur CentaurHauls
[    0.000000] x86/fpu: x87 FPU will use FXSAVE
[    0.000000] e820: BIOS-provided physical RAM map:
[    0.000000] BIOS-e820: [mem 0x0000000000000000-0x000000000009fbff] usable
[    0.000000] BIOS-e820: [mem 0x000000000009fc00-0x000000000009ffff] reserved
[    0.000000] BIOS-e820: [mem 0x00000000000f0000-0x00000000000fffff] reserved
[    0.000000] BIOS-e820: [mem 0x0000000000100000-0x000000003ffeffff] usable
[    0.000000] BIOS-e820: [mem 0x000000003fff0000-0x000000003fffffff] ACPI data
[    0.000000] BIOS-e820: [mem 0x00000000fec00000-0x00000000fec00fff] reserved
[    0.000000] BIOS-e820: [mem 0x00000000fee00000-0x00000000fee00fff] reserved
[    0.000000] BIOS-e820: [mem 0x00000000fffc0000-0x00000000ffffffff] reserved
[    0.000000] NX (Execute Disable) protection: active
[    0.000000] SMBIOS 2.5 present.
[    0.000000] DMI: innotek GmbH VirtualBox/VirtualBox, BIOS VirtualBox 12/01/2006
[    0.000000] Hypervisor detected: KVM
[    0.000000] e820: last_pfn = 0x3fff0 max_arch_pfn = 0x400000000
[    0.000000] MTRR: Disabled
[    0.000000] x86/PAT: MTRRs disabled, skipping PAT initialization too.
[    0.000000] CPU MTRRs all blank - virtualized system.
[    0.000000] x86/PAT: Configuration [0-7]: WB  WT  UC- UC  WB  WT  UC- UC  
[    0.000000] found SMP MP-table at [mem 0x0009fff0-0x0009ffff]
[    0.000000] Scanning 1 areas for low memory corruption
[    0.000000] RAMDISK: [mem 0x357cf000-0x36bdefff]
[    0.000000] ACPI: Early table checksum verification disabled
[    0.000000] ACPI: RSDP 0x00000000000E0000 000024 (v02 VBOX  )
[    0.000000] ACPI: XSDT 0x000000003FFF0030 00003C (v01 VBOX   VBOXXSDT 00000001 ASL  00000061)
[    0.000000] ACPI: FACP 0x000000003FFF00F0 0000F4 (v04 VBOX   VBOXFACP 00000001 ASL  00000061)
[    0.000000] ACPI: DSDT 0x000000003FFF0610 002353 (v02 VBOX   VBOXBIOS 00000002 INTL 20100528)
[    0.000000] ACPI: FACS 0x000000003FFF0200 000040
[    0.000000] ACPI: FACS 0x000000003FFF0200 000040
[    0.000000] ACPI: APIC 0x000000003FFF0240 00005C (v02 VBOX   VBOXAPIC 00000001 ASL  00000061)
[    0.000000] ACPI: SSDT 0x000000003FFF02A0 00036C (v01 VBOX   VBOXCPUT 00000002 INTL 20100528)
[    0.000000] ACPI: Reserving FACP table memory at [mem 0x3fff00f0-0x3fff01e3]
[    0.000000] ACPI: Reserving DSDT table memory at [mem 0x3fff0610-0x3fff2962]
[    0.000000] ACPI: Reserving FACS table memory at [mem 0x3fff0200-0x3fff023f]
[    0.000000] ACPI: Reserving FACS table memory at [mem 0x3fff0200-0x3fff023f]
[    0.000000] ACPI: Reserving APIC table memory at [mem 0x3fff0240-0x3fff029b]
[    0.000000] ACPI: Reserving SSDT table memory at [mem 0x3fff02a0-0x3fff060b]
[    0.000000] No NUMA configuration found
[    0.000000] Faking a node at [mem 0x0000000000000000-0x000000003ffeffff]
[    0.000000] NODE_DATA(0) allocated [mem 0x3ffc5000-0x3ffeffff]
[    0.000000] kvm-clock: cpu 0, msr 0:3ff44001, primary cpu clock
[    0.000000] kvm-clock: Using msrs 4b564d01 and 4b564d00
[    0.000000] kvm-clock: using sched offset of 4214708142 cycles
[    0.000000] clocksource: kvm-clock: mask: 0xffffffffffffffff max_cycles: 0x1cd42e4dffb, max_idle_ns: 881590591483 ns
[    0.000000] Zone ranges:
[    0.000000]   DMA      [mem 0x0000000000001000-0x0000000000ffffff]
[    0.000000]   DMA32    [mem 0x0000000001000000-0x000000003ffeffff]
[    0.000000]   Normal   empty
[    0.000000]   Device   empty
[    0.000000] Movable zone start for each node
[    0.000000] Early memory node ranges
[    0.000000]   node   0: [mem 0x0000000000001000-0x000000000009efff]
[    0.000000]   node   0: [mem 0x0000000000100000-0x000000003ffeffff]
[    0.000000] Reserved but unavailable: 104 pages
[    0.000000] Initmem setup node 0 [mem 0x0000000000001000-0x000000003ffeffff]
[    0.000000] ACPI: PM-Timer IO Port: 0x4008
[    0.000000] IOAPIC[0]: apic_id 2, version 32, address 0xfec00000, GSI 0-23
[    0.000000] ACPI: INT_SRC_OVR (bus 0 bus_irq 0 global_irq 2 dfl dfl)
[    0.000000] ACPI: INT_SRC_OVR (bus 0 bus_irq 9 global_irq 9 low level)
[    0.000000] Using ACPI (MADT) for SMP configuration information
[    0.000000] smpboot: Allowing 2 CPUs, 0 hotplug CPUs
[    0.000000] PM: Registered nosave memory: [mem 0x00000000-0x00000fff]
[    0.000000] PM: Registered nosave memory: [mem 0x0009f000-0x0009ffff]
[    0.000000] PM: Registered nosave memory: [mem 0x000a0000-0x000effff]
[    0.000000] PM: Registered nosave memory: [mem 0x000f0000-0x000fffff]
[    0.000000] e820: [mem 0x40000000-0xfebfffff] available for PCI devices
[    0.000000] Booting paravirtualized kernel on KVM
[    0.000000] clocksource: refined-jiffies: mask: 0xffffffff max_cycles: 0xffffffff, max_idle_ns: 7645519600211568 ns
[    0.000000] setup_percpu: NR_CPUS:8192 nr_cpumask_bits:2 nr_cpu_ids:2 nr_node_ids:1
[    0.000000] percpu: Embedded 50 pages/cpu s167936 r8192 d28672 u1048576
[    0.000000] PV qspinlock hash table entries: 256 (order: 0, 4096 bytes)
[    0.000000] Built 1 zonelists, mobility grouping on.  Total pages: 257913
[    0.000000] Policy zone: DMA32
[    0.000000] Kernel command line: BOOT_IMAGE=/boot/vmlinuz-4.15.0-212-generic root=LABEL=cloudimg-rootfs ro console=tty1 console=ttyS0
[    0.000000] Memory: 981628K/1048120K available (12300K kernel code, 2477K rwdata, 4324K rodata, 2480K init, 2720K bss, 66492K reserved, 0K cma-reserved)
[    0.000000] SLUB: HWalign=64, Order=0-3, MinObjects=0, CPUs=2, Nodes=1
[    0.000000] Kernel/User page tables isolation: enabled
[    0.000000] ftrace: allocating 39508 entries in 155 pages
[    0.004000] Hierarchical RCU implementation.
[    0.004000] 	RCU restricting CPUs from NR_CPUS=8192 to nr_cpu_ids=2.
[    0.004000] 	Tasks RCU enabled.
[    0.004000] RCU: Adjusting geometry for rcu_fanout_leaf=16, nr_cpu_ids=2
[    0.004000] NR_IRQS: 524544, nr_irqs: 440, preallocated irqs: 16
[    0.004000] random: crng init done
[    0.004000] Console: colour VGA+ 80x25
[    0.004000] console [tty1] enabled
[    0.004000] console [ttyS0] enabled
[    0.004000] ACPI: Core revision 20170831
[    0.004000] ACPI: 2 ACPI AML tables successfully acquired and loaded
[    0.004000] APIC: Switch to symmetric I/O mode setup
[    0.004000] ..TIMER: vector=0x30 apic1=0 pin1=2 apic2=-1 pin2=-1
[    0.004000] tsc: Detected 2711.998 MHz processor
[    0.004000] Calibrating delay loop (skipped) preset value.. 5423.99 BogoMIPS (lpj=10847992)
[    0.004000] pid_max: default: 32768 minimum: 301
[    0.004000] Security Framework initialized
[    0.004006] Yama: becoming mindful.
[    0.008095] AppArmor: AppArmor initialized
[    0.018267] Dentry cache hash table entries: 131072 (order: 8, 1048576 bytes)
[    0.024294] Inode-cache hash table entries: 65536 (order: 7, 524288 bytes)
[    0.028087] Mount-cache hash table entries: 2048 (order: 2, 16384 bytes)
[    0.032071] Mountpoint-cache hash table entries: 2048 (order: 2, 16384 bytes)
[    0.040388] Last level iTLB entries: 4KB 64, 2MB 8, 4MB 8
[    0.044003] Last level dTLB entries: 4KB 64, 2MB 0, 4MB 0, 1GB 4
[    0.048007] Spectre V1 : Mitigation: usercopy/swapgs barriers and __user pointer sanitization
[    0.052006] Spectre V2 : Mitigation: Retpolines
[    0.056002] Spectre V2 : Spectre v2 / SpectreRSB mitigation: Filling RSB on context switch
[    0.060003] Spectre V2 : Spectre v2 / SpectreRSB : Filling RSB on VMEXIT
[    0.064004] RETBleed: WARNING: Spectre v2 mitigation leaves CPU vulnerable to RETBleed attacks, data leaks possible!
[    0.068005] RETBleed: Vulnerable
[    0.072003] Speculative Store Bypass: Vulnerable
[    0.076092] MDS: Mitigation: Clear CPU buffers
[    0.080002] MMIO Stale Data: Mitigation: Clear CPU buffers
[    0.084004] SRBDS: Unknown: Dependent on hypervisor status
[    0.088180] Freeing SMP alternatives memory: 36K
[    0.204687] smpboot: CPU0: Intel(R) Core(TM) i5-7300U CPU @ 2.60GHz (family: 0x6, model: 0x8e, stepping: 0x9)
[    0.208437] Performance Events: unsupported p6 CPU model 142 no PMU driver, software events only.
[    0.212131] Hierarchical SRCU implementation.
[    0.216843] NMI watchdog: Perf event create on CPU 0 failed with -2
[    0.220005] NMI watchdog: Perf NMI watchdog permanently disabled
[    0.224360] smp: Bringing up secondary CPUs ...
[    0.232213] x86: Booting SMP configuration:
[    0.236004] .... node  #0, CPUs:      #1
[    0.004000] kvm-clock: cpu 1, msr 0:3ff44041, secondary cpu clock
[    0.250448] TSC synchronization [CPU#0 -> CPU#1]:
[    0.252000] Measured 92092 cycles TSC warp between CPUs, turning off TSC clock.
[    0.252000] tsc: Marking TSC unstable due to check_tsc_sync_source failed
[    0.256320] smp: Brought up 1 node, 2 CPUs
[    0.260007] smpboot: Max logical packages: 1
[    0.264005] smpboot: Total of 2 processors activated (10847.99 BogoMIPS)
[    0.272575] devtmpfs: initialized
[    0.276144] x86/mm: Memory block size: 128MB
[    0.280415] evm: security.selinux
[    0.284004] evm: security.SMACK64
[    0.288003] evm: security.SMACK64EXEC
[    0.292002] evm: security.SMACK64TRANSMUTE
[    0.296003] evm: security.SMACK64MMAP
[    0.300002] evm: security.apparmor
[    0.304002] evm: security.ima
[    0.308003] evm: security.capability
[    0.312444] clocksource: jiffies: mask: 0xffffffff max_cycles: 0xffffffff, max_idle_ns: 7645041785100000 ns
[    0.316015] futex hash table entries: 512 (order: 3, 32768 bytes)
[    0.320223] pinctrl core: initialized pinctrl subsystem
[    0.324651] RTC time: 17:20:32, date: 10/02/24
[    0.332157] NET: Registered protocol family 16
[    0.336131] audit: initializing netlink subsys (disabled)
[    0.340243] audit: type=2000 audit(1727889637.658:1): state=initialized audit_enabled=0 res=1
[    0.356011] cpuidle: using governor ladder
[    0.360011] cpuidle: using governor menu
[    0.364090] ACPI: bus type PCI registered
[    0.368004] acpiphp: ACPI Hot Plug PCI Controller Driver version: 0.5
[    0.372621] PCI: Using configuration type 1 for base access
[    0.384410] HugeTLB registered 2.00 MiB page size, pre-allocated 0 pages
[    0.392375] ACPI: Added _OSI(Module Device)
[    0.400004] ACPI: Added _OSI(Processor Device)
[    0.404004] ACPI: Added _OSI(3.0 _SCP Extensions)
[    0.412003] ACPI: Added _OSI(Processor Aggregator Device)
[    0.420007] ACPI: Added _OSI(Linux-Dell-Video)
[    0.424005] ACPI: Added _OSI(Linux-Lenovo-NV-HDMI-Audio)
[    0.432004] ACPI: Added _OSI(Linux-HPI-Hybrid-Graphics)
[    0.441059] ACPI: Executed 1 blocks of module-level executable AML code
[    0.454752] ACPI: Interpreter enabled
[    0.460017] ACPI: (supports S0 S5)
[    0.464003] ACPI: Using IOAPIC for interrupt routing
[    0.468708] PCI: Using host bridge windows from ACPI; if necessary, use "pci=nocrs" and report a bug
[    0.480316] ACPI: Enabled 2 GPEs in block 00 to 07
[    0.498492] ACPI: PCI Root Bridge [PCI0] (domain 0000 [bus 00-ff])
[    0.504014] acpi PNP0A03:00: _OSC: OS supports [ASPM ClockPM Segments MSI]
[    0.512905] acpi PNP0A03:00: _OSC: not requesting OS control; OS requires [ExtendedConfig ASPM ClockPM MSI]
[    0.524025] acpi PNP0A03:00: fail to add MMCONFIG information, can't access extended PCI configuration space under this bridge.
[    0.545611] PCI host bridge to bus 0000:00
[    0.552009] pci_bus 0000:00: root bus resource [io  0x0000-0x0cf7 window]
[    0.560012] pci_bus 0000:00: root bus resource [io  0x0d00-0xffff window]
[    0.572012] pci_bus 0000:00: root bus resource [mem 0x000a0000-0x000bffff window]
[    0.584014] pci_bus 0000:00: root bus resource [mem 0x40000000-0xfdffffff window]
[    0.592013] pci_bus 0000:00: root bus resource [bus 00-ff]
[    0.610908] pci 0000:00:01.1: legacy IDE quirk: reg 0x10: [io  0x01f0-0x01f7]
[    0.620013] pci 0000:00:01.1: legacy IDE quirk: reg 0x14: [io  0x03f6]
[    0.628009] pci 0000:00:01.1: legacy IDE quirk: reg 0x18: [io  0x0170-0x0177]
[    0.636005] pci 0000:00:01.1: legacy IDE quirk: reg 0x1c: [io  0x0376]
[    0.672317] pci 0000:00:07.0: quirk: [io  0x4000-0x403f] claimed by PIIX4 ACPI
[    0.680048] pci 0000:00:07.0: quirk: [io  0x4100-0x410f] claimed by PIIX4 SMB
[    0.702695] ACPI: PCI Interrupt Link [LNKA] (IRQs 5 9 10 *11)
[    0.708636] ACPI: PCI Interrupt Link [LNKB] (IRQs 5 9 *10 11)
[    0.716273] ACPI: PCI Interrupt Link [LNKC] (IRQs 5 *9 10 11)
[    0.724267] ACPI: PCI Interrupt Link [LNKD] (IRQs 5 9 10 *11)
[    0.728723] SCSI subsystem initialized
[    0.736228] pci 0000:00:02.0: vgaarb: setting as boot VGA device
[    0.740000] pci 0000:00:02.0: vgaarb: VGA device added: decodes=io+mem,owns=io+mem,locks=none
[    0.752008] pci 0000:00:02.0: vgaarb: bridge control possible
[    0.760004] vgaarb: loaded
[    0.764061] ACPI: bus type USB registered
[    0.768025] usbcore: registered new interface driver usbfs
[    0.776070] usbcore: registered new interface driver hub
[    0.784079] usbcore: registered new device driver usb
[    0.796289] EDAC MC: Ver: 3.0.0
[    0.804480] PCI: Using ACPI for IRQ routing
[    0.812277] NetLabel: Initializing
[    0.816011] NetLabel:  domain hash size = 128
[    0.824007] NetLabel:  protocols = UNLABELED CIPSOv4 CALIPSO
[    0.832169] NetLabel:  unlabeled traffic allowed by default
[    0.840316] clocksource: Switched to clocksource kvm-clock
[    0.900350] VFS: Disk quotas dquot_6.6.0
[    0.907220] VFS: Dquot-cache hash table entries: 512 (order 0, 4096 bytes)
[    0.916608] AppArmor: AppArmor Filesystem Enabled
[    0.923667] pnp: PnP ACPI init
[    0.931501] pnp: PnP ACPI: found 3 devices
[    0.945645] clocksource: acpi_pm: mask: 0xffffff max_cycles: 0xffffff, max_idle_ns: 2085701024 ns
[    0.957659] NET: Registered protocol family 2
[    0.964756] IP idents hash table entries: 16384 (order: 5, 131072 bytes)
[    0.972756] TCP established hash table entries: 8192 (order: 4, 65536 bytes)
[    0.981192] TCP bind hash table entries: 8192 (order: 5, 131072 bytes)
[    0.988902] TCP: Hash tables configured (established 8192 bind 8192)
[    0.996332] UDP hash table entries: 512 (order: 2, 16384 bytes)
[    1.002965] UDP-Lite hash table entries: 512 (order: 2, 16384 bytes)
[    1.010100] NET: Registered protocol family 1
[    1.015620] pci 0000:00:00.0: Limiting direct PCI/PCI transfers
[    1.022831] pci 0000:00:01.0: Activating ISA DMA hang workarounds
[    1.030232] pci 0000:00:02.0: Video device with shadowed ROM at [mem 0x000c0000-0x000dffff]
[    1.039772] Unpacking initramfs...
[    1.190178] Freeing initrd memory: 20544K
[    1.562900] clocksource: tsc: mask: 0xffffffffffffffff max_cycles: 0x27178451938, max_idle_ns: 440795251172 ns
[    1.575379] platform rtc_cmos: registered platform RTC device (no PNP device found)
[    1.621110] Scanning for low memory corruption every 60 seconds
[    1.630728] Initialise system trusted keyrings
[    1.634126] Key type blacklist registered
[    1.646515] workingset: timestamp_bits=36 max_order=18 bucket_order=0
[    1.658453] zbud: loaded
[    1.669174] squashfs: version 4.0 (2009/01/31) Phillip Lougher
[    1.685701] fuse init (API version 7.26)
[    1.734737] Key type asymmetric registered
[    1.740679] Asymmetric key parser 'x509' registered
[    1.747112] Block layer SCSI generic (bsg) driver version 0.4 loaded (major 246)
[    1.757119] io scheduler noop registered
[    1.761600] io scheduler deadline registered
[    1.766542] io scheduler cfq registered (default)
[    1.772857] ACPI: AC Adapter [AC] (on-line)
[    1.777640] input: Power Button as /devices/LNXSYSTM:00/LNXPWRBN:00/input/input0
[    1.786038] ACPI: Power Button [PWRF]
[    1.790632] input: Sleep Button as /devices/LNXSYSTM:00/LNXSLPBN:00/input/input1
[    1.798890] ACPI: Sleep Button [SLPF]
[    1.804495] Serial: 8250/16550 driver, 32 ports, IRQ sharing enabled
[    1.805895] ACPI: Battery Slot [BAT0] (battery present)
[    1.849106] 00:02: ttyS0 at I/O 0x3f8 (irq = 4, base_baud = 115200) is a 16550A
[    1.859092] Linux agpgart interface v0.103
[    1.867295] loop: module loaded
[    1.874539] scsi host0: ata_piix
[    1.879955] scsi host1: ata_piix
[    1.884750] ata1: PATA max UDMA/33 cmd 0x1f0 ctl 0x3f6 bmdma 0xd000 irq 14
[    1.892267] ata2: PATA max UDMA/33 cmd 0x170 ctl 0x376 bmdma 0xd008 irq 15
[    1.900329] tun: Universal TUN/TAP device driver, 1.6
[    1.907186] PPP generic driver version 2.4.2
[    1.912931] ehci_hcd: USB 2.0 'Enhanced' Host Controller (EHCI) Driver
[    1.920399] ehci-pci: EHCI PCI platform driver
[    1.925989] ehci-platform: EHCI generic platform driver
[    1.932443] ohci_hcd: USB 1.1 'Open' Host Controller (OHCI) Driver
[    1.939493] ohci-pci: OHCI PCI platform driver
[    1.944997] ohci-platform: OHCI generic platform driver
[    1.951394] uhci_hcd: USB Universal Host Controller Interface driver
[    1.958881] i8042: PNP: PS/2 Controller [PNP0303:PS2K,PNP0f03:PS2M] at 0x60,0x64 irq 1,12
[    1.972504] serio: i8042 KBD port at 0x60,0x64 irq 1
[    1.978555] serio: i8042 AUX port at 0x60,0x64 irq 12
[    1.984908] mousedev: PS/2 mouse device common for all mice
[    1.993899] input: AT Translated Set 2 keyboard as /devices/platform/i8042/serio0/input/input2
[    2.005508] rtc_cmos rtc_cmos: rtc core: registered rtc_cmos as rtc0
[    2.014628] rtc_cmos rtc_cmos: alarms up to one day, 114 bytes nvram
[    2.022041] i2c /dev entries driver
[    2.026785] device-mapper: uevent: version 1.0.3
[    2.032667] device-mapper: ioctl: 4.37.0-ioctl (2017-09-20) initialised: dm-devel@redhat.com
[    2.042512] ledtrig-cpu: registered to indicate activity on CPUs
[    2.053047] NET: Registered protocol family 10
[    2.131311] Segment Routing with IPv6
[    2.135910] NET: Registered protocol family 17
[    2.141467] Key type dns_resolver registered
[    2.146878] mce: Using 0 MCE banks
[    2.151138] RAS: Correctable Errors collector initialized.
[    2.158242] sched_clock: Marking stable (2158094001, 0)->(3026238147, -868144146)
[    2.171305] registered taskstats version 1
[    2.177245] Loading compiled-in X.509 certificates
[    2.188879] Loaded X.509 cert 'Build time autogenerated kernel key: b5b26778eaa3ab3a4a6cee031137706e947d12ad'
[    2.200340] Loaded X.509 cert 'Canonical Ltd. Live Patch Signing: 14df34d1a87cf37625abec039ef2bf521249b969'
[    2.211590] Loaded X.509 cert 'Canonical Ltd. Kernel Module Signing: 88f752e560a1e0737e31163a466ad7b70a850c19'
[    2.222797] blacklist: Loading compiled-in revocation X.509 certificates
[    2.230574] Loaded X.509 cert 'Canonical Ltd. Secure Boot Signing: 61482aa2830d0ab2ad5af10b7250da9033ddcef0'
[    2.242216] Loaded X.509 cert 'Canonical Ltd. Secure Boot Signing (2017): 242ade75ac4a15e50d50c84b0d45ff3eae707a03'
[    2.253568] Loaded X.509 cert 'Canonical Ltd. Secure Boot Signing (ESM 2018): 365188c1d374d6b07c3c8f240f8ef722433d6a8b'
[    2.265575] Loaded X.509 cert 'Canonical Ltd. Secure Boot Signing (2019): c0746fd6c5da3ae827864651ad66ae47fe24b3e8'
[    2.276408] Loaded X.509 cert 'Canonical Ltd. Secure Boot Signing (2021 v1): a8d54bbb3825cfb94fa13c9f8a594a195c107b8d'
[    2.287752] Loaded X.509 cert 'Canonical Ltd. Secure Boot Signing (2021 v2): 4cf046892d6fd3c9a5b03f98d845f90851dc6a8c'
[    2.298881] Loaded X.509 cert 'Canonical Ltd. Secure Boot Signing (2021 v3): 100437bb6de6e469b581e61cd66bce3ef4ed53af'
[    2.310549] Loaded X.509 cert 'Canonical Ltd. Secure Boot Signing (Ubuntu Core 2019): c1d57b8f6b743f23ee41f4f7ee292f06eecadfb9'
[    2.323207] zswap: loaded using pool lzo/zbud
[    2.342240] Key type big_key registered
[    2.347366] Key type trusted registered
[    2.358686] Key type encrypted registered
[    2.363589] AppArmor: AppArmor sha1 policy hashing enabled
[    2.370205] ima: No TPM chip found, activating TPM-bypass! (rc=-19)
[    2.376919] ima: Allocated hash algorithm: sha1
[    2.382041] evm: HMAC attrs: 0x1
[    2.387084]   Magic number: 12:249:339
[    2.392554] rtc_cmos rtc_cmos: setting system clock to 2024-10-02 17:20:34 UTC (1727889634)
[    2.402161] BIOS EDD facility v0.16 2004-Jun-25, 0 devices found
[    2.409122] EDD information not available.
[    2.417958] Freeing unused kernel image memory: 2480K
[    2.440473] Write protecting the kernel read-only data: 20480k
[    2.449052] Freeing unused kernel image memory: 2008K
[    2.455869] Freeing unused kernel image memory: 1820K
[    2.468229] x86/mm: Checked W+X mappings: passed, no W+X pages found.
[    2.475807] x86/mm: Checking user space page tables
[    2.487315] x86/mm: Checked W+X mappings: passed, no W+X pages found.
Loading, please wait...
starting version 237
[    2.594564] e1000: Intel(R) PRO/1000 Network Driver - version 7.3.21-k8-NAPI
[    2.604646] e1000: Copyright (c) 1999-2006 Intel Corporation.
[    2.615574] Fusion MPT base driver 3.04.20
[    2.620422] Copyright (c) 1999-2008 LSI Corporation
[    2.653441] Fusion MPT SPI Host driver 3.04.20
[    2.676832] SSE version of gcm_enc/dec engaged.
[    2.897518] input: ImExPS/2 Generic Explorer Mouse as /devices/platform/i8042/serio1/input/input4
[    3.440543] e1000 0000:00:03.0 eth0: (PCI:33MHz:32-bit) 02:3b:7b:b7:3b:2d
[    3.447431] e1000 0000:00:03.0 eth0: Intel(R) PRO/1000 Network Connection
[    4.392085] e1000 0000:00:08.0 eth1: (PCI:33MHz:32-bit) 08:00:27:24:14:4a
[    4.399017] e1000 0000:00:08.0 eth1: Intel(R) PRO/1000 Network Connection
[    4.411029] e1000 0000:00:08.0 enp0s8: renamed from eth1
[    4.417297] mptbase: ioc0: Initiating bringup
[    4.956757] e1000 0000:00:03.0 enp0s3: renamed from eth0
[    5.066806] ioc0: LSI53C1030 A0: Capabilities={Initiator}
[    6.491153] scsi host2: ioc0: LSI53C1030 A0, FwRev=00000000h, Ports=1, MaxQ=256, IRQ=20
[    8.235536] scsi 2:0:0:0: Direct-Access     VBOX     HARDDISK         1.0  PQ: 0 ANSI: 5
[    9.225799] scsi target2:0:0: Beginning Domain Validation
[    9.298851] scsi target2:0:0: Domain Validation skipping write tests
[    9.311181] scsi target2:0:0: Ending Domain Validation
[    9.317128] scsi target2:0:0: asynchronous
[    9.323575] scsi 2:0:1:0: Direct-Access     VBOX     HARDDISK         1.0  PQ: 0 ANSI: 5
[   10.439811] scsi target2:0:1: Beginning Domain Validation
[   10.457551] scsi target2:0:1: Domain Validation skipping write tests
[   10.465466] scsi target2:0:1: Ending Domain Validation
[   10.473412] scsi target2:0:1: asynchronous
[   10.499184] sd 2:0:0:0: [sda] 83886080 512-byte logical blocks: (42.9 GB/40.0 GiB)
[   10.510204] sd 2:0:0:0: [sda] Write Protect is off
[   10.523154] sd 2:0:0:0: Attached scsi generic sg0 type 0
[   10.533324] sd 2:0:0:0: [sda] Incomplete mode parameter data
[   10.537362] sd 2:0:1:0: [sdb] 20480 512-byte logical blocks: (10.5 MB/10.0 MiB)
[   10.542139] sd 2:0:0:0: [sda] Assuming drive cache: write through
[   10.556930] sd 2:0:1:0: [sdb] Write Protect is off
[   10.560598] sd 2:0:1:0: Attached scsi generic sg1 type 0
[   10.581175] sd 2:0:1:0: [sdb] Incomplete mode parameter data
[   10.588170] sd 2:0:1:0: [sdb] Assuming drive cache: write through
[   10.593012]  sda: sda1
[   10.605677] sd 2:0:0:0: [sda] Attached SCSI disk
[   10.615271] sd 2:0:1:0: [sdb] Attached SCSI disk
Begin: Loading essential drivers ... 